../Core/Src/main.c:78:6:ADC_Select_CH0	24	static
../Core/Src/main.c:89:6:ADC_Select_CH1	24	static
../Core/Src/main.c:100:6:ADC_Select_CH2	24	static
../Core/Src/main.c:111:6:ADC_Select_CH3	24	static
../Core/Src/main.c:192:9:lookupSOC	24	static
../Core/Src/main.c:209:9:lookupDoD	24	static
../Core/Src/main.c:225:9:calculateBatteryPercentage	24	static
../Core/Src/main.c:248:5:main	1152	static
../Core/Src/main.c:602:6:SystemClock_Config	88	static
../Core/Src/main.c:649:13:MX_ADC1_Init	24	static
../Core/Src/main.c:723:13:MX_SPI1_Init	8	static
../Core/Src/main.c:761:13:MX_TIM1_Init	32	static
../Core/Src/main.c:807:13:MX_TIM3_Init	32	static
../Core/Src/main.c:852:13:MX_USART1_UART_Init	8	static
../Core/Src/main.c:885:13:MX_USART3_UART_Init	8	static
../Core/Src/main.c:916:13:MX_DMA_Init	16	static
../Core/Src/main.c:934:13:MX_GPIO_Init	40	static
../Core/Src/main.c:990:6:Error_Handler	4	static,ignoring_inline_asm
