../Core/Src/main.c:57:6:ADC_Select_CH0	24	static
../Core/Src/main.c:68:6:ADC_Select_CH1	24	static
../Core/Src/main.c:79:6:ADC_Select_CH2	24	static
../Core/Src/main.c:90:6:ADC_Select_CH3	24	static
../Core/Src/main.c:184:9:lookupSOC	24	static
../Core/Src/main.c:201:9:lookupDoD	24	static
../Core/Src/main.c:217:9:calculateBatteryPercentage	24	static
../Core/Src/main.c:240:5:main	248	static
../Core/Src/main.c:592:6:SystemClock_Config	88	static
../Core/Src/main.c:639:13:MX_ADC1_Init	24	static
../Core/Src/main.c:713:13:MX_SPI1_Init	8	static
../Core/Src/main.c:751:13:MX_USART1_UART_Init	8	static
../Core/Src/main.c:784:13:MX_GPIO_Init	40	static
../Core/Src/main.c:850:6:Error_Handler	4	static,ignoring_inline_asm
